eu.europa.ec.dgc.signing.SignedCertificateMessageBuilderTest.testDefineBasicEncoding=[
eu.europa.ec.dgc.signing.SignedCertificateMessageBuilder@1e683a3e
]